
--- 2026-08-19T16:24:36.658Z debug
🪵  Writing logs to "/home/user/.config/.wrangler/logs/wrangler-2026-08-19_16-24-36_439.log"
---

--- 2026-08-19T16:24:36.658Z debug
.env file not found at "/home/user/gdi-pages/.env". Continuing... For more details, refer to https://developers.cloudflare.com/workers/wrangler/system-environment-variables/
---

--- 2026-08-19T16:24:36.659Z debug
.env file not found at "/home/user/gdi-pages/.env.local". Continuing... For more details, refer to https://developers.cloudflare.com/workers/wrangler/system-environment-variables/
---

--- 2026-08-19T16:24:36.761Z log

 ⛅️ wrangler 4.86.0
───────────────────
---

--- 2026-08-19T16:24:36.765Z debug
Metrics dispatcher: Posting data {"deviceId":"1cb51ee9-e81e-4b35-a5ba-480700175537","event":"wrangler command started","timestamp":1787156676765,"properties":{"amplitude_session_id":1787156676762,"amplitude_event_id":0,"wranglerVersion":"4.86.0","wranglerMajorVersion":4,"wranglerMinorVersion":86,"wranglerPatchVersion":0,"osPlatform":"Linux","osVersion":"#1 SMP PREEMPT_DYNAMIC Fri Jul 17 14:31:34 UTC 2026","nodeVersion":20,"packageManager":"npm","isFirstUsage":true,"configFileType":"none","isCI":false,"isPagesCI":false,"isWorkersCI":false,"isInteractive":false,"hasAssets":false,"agent":null,"argsUsed":["compatibilityDate","port"],"argsCombination":"compatibilityDate, port","sanitizedCommand":"pages dev","sanitizedArgs":{}}}
---

--- 2026-08-19T16:24:36.856Z log
✨ Compiled Worker successfully
---

--- 2026-08-19T16:24:37.218Z debug
setting config
---

--- 2026-08-19T16:24:37.218Z debug
Updating config... undefined undefined
---

--- 2026-08-19T16:24:37.241Z debug
local dev variables file not found at ".dev.vars". Continuing... For more details, refer to https://developers.cloudflare.com/workers/wrangler/system-environment-variables/
---

--- 2026-08-19T16:24:37.241Z debug
.env file not found at "/home/user/gdi-pages/.env". Continuing... For more details, refer to https://developers.cloudflare.com/workers/wrangler/system-environment-variables/
---

--- 2026-08-19T16:24:37.241Z debug
.env file not found at "/home/user/gdi-pages/.env.local". Continuing... For more details, refer to https://developers.cloudflare.com/workers/wrangler/system-environment-variables/
---

--- 2026-08-19T16:24:37.242Z log
Your Worker has access to the following bindings:
---

--- 2026-08-19T16:24:37.243Z log
Binding                                                                   Resource                  Mode
---

--- 2026-08-19T16:24:37.243Z log
env.CF_PAGES ("1")                                                        Environment Variable      local
---

--- 2026-08-19T16:24:37.243Z log
env.CF_PAGES_BRANCH ("local")                                             Environment Variable      local
---

--- 2026-08-19T16:24:37.243Z log
env.CF_PAGES_COMMIT_SHA ("0000000000000000000000000000000000000...")      Environment Variable      local
---

--- 2026-08-19T16:24:37.243Z log
env.CF_PAGES_URL ("https://00000000.gdi-index.pages.dev")                 Environment Variable      local
---

--- 2026-08-19T16:24:37.243Z log

---

--- 2026-08-19T16:24:37.255Z debug
Metrics dispatcher: Posting data {"deviceId":"1cb51ee9-e81e-4b35-a5ba-480700175537","event":"run pages dev","timestamp":1787156677255,"properties":{"amplitude_session_id":1787156677255,"amplitude_event_id":0,"wranglerVersion":"4.86.0","wranglerMajorVersion":4,"wranglerMinorVersion":86,"wranglerPatchVersion":0,"osPlatform":"Linux","osVersion":"#1 SMP PREEMPT_DYNAMIC Fri Jul 17 14:31:34 UTC 2026","nodeVersion":20,"packageManager":"npm","isFirstUsage":false,"configFileType":"none","isCI":false,"isPagesCI":false,"isWorkersCI":false,"isInteractive":false,"hasAssets":false,"agent":null,"category":"Workers","os":"linux:x64"}}
---

--- 2026-08-19T16:24:37.445Z debug
RemoteRuntimeController teardown beginning...
---

--- 2026-08-19T16:24:37.446Z debug
RemoteRuntimeController teardown complete
---

--- 2026-08-19T16:24:37.455Z log
⎔ Starting local server...
---

--- 2026-08-19T16:24:37.562Z debug
[InspectorProxyWorker] handleProxyControllerIncomingMessage {"type":"reloadStart"}
---

--- 2026-08-19T16:24:37.640Z debug
[InspectorProxyWorker] handleProxyControllerIncomingMessage {"type":"reloadComplete","proxyData":{"userWorkerUrl":{"protocol":"http:","hostname":"127.0.0.1","port":"43043"},"userWorkerInspectorUrl":{"protocol":"ws:","hostname":"127.0.0.1","port":"37193","pathname":"/core:user:gdi-index"},"userWorkerInnerUrlOverrides":{"protocol":"http:"},"headers":{"MF-Proxy-Shared-Secret":"d96944ee-1e58-4bfd-9695-6a215e52d6fe"},"liveReload":false,"proxyLogsToController":false}}
---

--- 2026-08-19T16:24:37.642Z debug
[InspectorProxyWorker] reconnectRuntimeWebSocket
---

--- 2026-08-19T16:24:37.643Z debug
[InspectorProxyWorker] NEW RUNTIME WEBSOCKET http://127.0.0.1:37193/core:user:gdi-index
---

--- 2026-08-19T16:24:37.653Z debug
[InspectorProxyWorker] SEND TO DEVTOOLS {"method":"Runtime.executionContextsCleared"}
---

--- 2026-08-19T16:24:37.654Z debug
[InspectorProxyWorker] RUNTIME WEBSOCKET OPENED
---

--- 2026-08-19T16:24:37.655Z debug
[InspectorProxyWorker] SEND TO RUNTIME {"method":"Runtime.enable","id":100000001}
---

--- 2026-08-19T16:24:37.656Z debug
[InspectorProxyWorker] SEND TO RUNTIME {"method":"Network.enable","id":100000002}
---

--- 2026-08-19T16:24:37.657Z debug
[InspectorProxyWorker] RUNTIME INCOMING MESSAGE {
  method: 'Runtime.executionContextCreated',
  params: {
    context: {
      id: 84781505,
      origin: '',
      name: 'Worker',
      uniqueId: '-3072221594300452396.6621521454229852388'
    }
  }
}
---

--- 2026-08-19T16:24:37.658Z debug
[InspectorProxyWorker] RUNTIME INCOMING MESSAGE { id: 100000001, result: {} }
---

--- 2026-08-19T16:24:37.659Z debug
[InspectorProxyWorker] RUNTIME INCOMING MESSAGE { id: 100000002, method: 'Network.enable', result: {} }
---

--- 2026-08-19T16:24:47.643Z debug
[InspectorProxyWorker] SEND TO RUNTIME {"method":"Runtime.getIsolateId","id":100000003}
---

--- 2026-08-19T16:24:47.644Z debug
[InspectorProxyWorker] RUNTIME INCOMING MESSAGE { id: 100000003, result: { id: '241dcea8ef8b3c10' } }
---

--- 2026-08-19T16:24:51.031Z debug
[InspectorProxyWorker] RUNTIME INCOMING MESSAGE {
  method: 'Runtime.consoleAPICalled',
  params: {
    type: 'log',
    args: [ [Object] ],
    executionContextId: 84781505,
    timestamp: 1787156691030,
    stackTrace: { callFrames: [Array] }
  }
}
---

--- 2026-08-19T16:24:51.039Z log
POST Request for Login
---

--- 2026-08-19T16:24:51.044Z debug
[InspectorProxyWorker] RUNTIME INCOMING MESSAGE {
  method: 'Network.requestWillBeSent',
  params: {
    requestId: '0',
    loaderId: '',
    request: {
      url: 'https://www.googleapis.com/oauth2/v4/token',
      method: 'POST',
      headers: [Object],
      mixedContentType: 'blockable',
      initialPriority: 'VeryLow',
      referrerPolicy: 'unsafe-url',
      isLinkPreload: false
    },
    timestamp: 454.412,
    wallTime: 1787156691.042,
    initiator: { type: 'script', stack: [Object], lineNumber: 0 },
    type: 'Fetch'
  }
}
---

--- 2026-08-19T16:24:51.072Z debug
[InspectorProxyWorker] RUNTIME INCOMING MESSAGE {
  method: 'Network.responseReceived',
  params: {
    requestId: '0',
    timestamp: 454.441,
    type: 'XHR',
    response: {
      status: 400,
      statusText: 'Bad Request',
      headers: [Object],
      mimeType: 'application/json',
      connectionReused: false,
      connectionId: 0,
      remotePort: 0,
      fromDiskCache: false,
      fromServiceWorker: false,
      encodedDataLength: 0,
      protocol: 'http/1.1',
      securityState: 'unknown'
    }
  }
}
---

--- 2026-08-19T16:24:51.073Z debug
[InspectorProxyWorker] RUNTIME INCOMING MESSAGE {
  method: 'Network.dataReceived',
  params: {
    requestId: '0',
    timestamp: 454.441,
    dataLength: 68,
    encodedDataLength: 68
  }
}
---

--- 2026-08-19T16:24:51.874Z debug
[InspectorProxyWorker] RUNTIME INCOMING MESSAGE {
  method: 'Network.requestWillBeSent',
  params: {
    requestId: '1',
    loaderId: '',
    request: {
      url: 'https://www.googleapis.com/oauth2/v4/token',
      method: 'POST',
      headers: [Object],
      mixedContentType: 'blockable',
      initialPriority: 'VeryLow',
      referrerPolicy: 'unsafe-url',
      isLinkPreload: false
    },
    timestamp: 455.242,
    wallTime: 1787156691.872,
    initiator: { type: 'script', stack: [Object], lineNumber: 0 },
    type: 'Fetch'
  }
}
---

--- 2026-08-19T16:24:51.908Z debug
[InspectorProxyWorker] RUNTIME INCOMING MESSAGE {
  method: 'Network.responseReceived',
  params: {
    requestId: '1',
    timestamp: 455.277,
    type: 'XHR',
    response: {
      status: 400,
      statusText: 'Bad Request',
      headers: [Object],
      mimeType: 'application/json',
      connectionReused: false,
      connectionId: 0,
      remotePort: 0,
      fromDiskCache: false,
      fromServiceWorker: false,
      encodedDataLength: 0,
      protocol: 'http/1.1',
      securityState: 'unknown'
    }
  }
}
---

--- 2026-08-19T16:24:51.909Z debug
[InspectorProxyWorker] RUNTIME INCOMING MESSAGE {
  method: 'Network.dataReceived',
  params: {
    requestId: '1',
    timestamp: 455.277,
    dataLength: 68,
    encodedDataLength: 68
  }
}
---

--- 2026-08-19T16:24:53.511Z debug
[InspectorProxyWorker] RUNTIME INCOMING MESSAGE {
  method: 'Network.requestWillBeSent',
  params: {
    requestId: '2',
    loaderId: '',
    request: {
      url: 'https://www.googleapis.com/oauth2/v4/token',
      method: 'POST',
      headers: [Object],
      mixedContentType: 'blockable',
      initialPriority: 'VeryLow',
      referrerPolicy: 'unsafe-url',
      isLinkPreload: false
    },
    timestamp: 456.879,
    wallTime: 1787156693.509,
    initiator: { type: 'script', stack: [Object], lineNumber: 0 },
    type: 'Fetch'
  }
}
---

--- 2026-08-19T16:24:53.547Z debug
[InspectorProxyWorker] RUNTIME INCOMING MESSAGE {
  method: 'Network.responseReceived',
  params: {
    requestId: '2',
    timestamp: 456.916,
    type: 'XHR',
    response: {
      status: 400,
      statusText: 'Bad Request',
      headers: [Object],
      mimeType: 'application/json',
      connectionReused: false,
      connectionId: 0,
      remotePort: 0,
      fromDiskCache: false,
      fromServiceWorker: false,
      encodedDataLength: 0,
      protocol: 'http/1.1',
      securityState: 'unknown'
    }
  }
}
---

--- 2026-08-19T16:24:53.548Z debug
[InspectorProxyWorker] RUNTIME INCOMING MESSAGE {
  method: 'Network.dataReceived',
  params: {
    requestId: '2',
    timestamp: 456.916,
    dataLength: 68,
    encodedDataLength: 68
  }
}
---

--- 2026-08-19T16:24:55.963Z debug
[InspectorProxyWorker] RUNTIME INCOMING MESSAGE {
  method: 'Network.loadingFinished',
  params: {
    requestId: '2',
    timestamp: 459.32,
    encodedDataLength: 68,
    cfResponse: {
      body: 'ewogICJlcnJvciI6ICJpbnZhbGlkX2dyYW50IiwKICAiZXJyb3JfZGVzY3JpcHRpb24iOiAiQmFkIFJlcXVlc3QiCn0=',
      base64Encoded: true
    }
  }
}
---

--- 2026-08-19T16:24:55.964Z debug
[InspectorProxyWorker] RUNTIME INCOMING MESSAGE {
  method: 'Network.loadingFinished',
  params: {
    requestId: '1',
    timestamp: 459.32,
    encodedDataLength: 68,
    cfResponse: {
      body: 'ewogICJlcnJvciI6ICJpbnZhbGlkX2dyYW50IiwKICAiZXJyb3JfZGVzY3JpcHRpb24iOiAiQmFkIFJlcXVlc3QiCn0=',
      base64Encoded: true
    }
  }
}
---

--- 2026-08-19T16:24:55.967Z debug
[InspectorProxyWorker] RUNTIME INCOMING MESSAGE {
  method: 'Network.loadingFinished',
  params: {
    requestId: '0',
    timestamp: 459.32,
    encodedDataLength: 68,
    cfResponse: {
      body: 'ewogICJlcnJvciI6ICJpbnZhbGlkX2dyYW50IiwKICAiZXJyb3JfZGVzY3JpcHRpb24iOiAiQmFkIFJlcXVlc3QiCn0=',
      base64Encoded: true
    }
  }
}
---

--- 2026-08-19T16:24:55.979Z debug
[InspectorProxyWorker] RUNTIME INCOMING MESSAGE {
  method: 'Network.requestWillBeSent',
  params: {
    requestId: '3',
    loaderId: '',
    request: {
      url: 'https://www.googleapis.com/oauth2/v4/token',
      method: 'POST',
      headers: [Object],
      mixedContentType: 'blockable',
      initialPriority: 'VeryLow',
      referrerPolicy: 'unsafe-url',
      isLinkPreload: false
    },
    timestamp: 459.348,
    wallTime: 1787156695.978,
    initiator: { type: 'script', stack: [Object], lineNumber: 0 },
    type: 'Fetch'
  }
}
---

--- 2026-08-19T16:24:56.023Z debug
[InspectorProxyWorker] RUNTIME INCOMING MESSAGE {
  method: 'Network.responseReceived',
  params: {
    requestId: '3',
    timestamp: 459.392,
    type: 'XHR',
    response: {
      status: 400,
      statusText: 'Bad Request',
      headers: [Object],
      mimeType: 'application/json',
      connectionReused: false,
      connectionId: 0,
      remotePort: 0,
      fromDiskCache: false,
      fromServiceWorker: false,
      encodedDataLength: 0,
      protocol: 'http/1.1',
      securityState: 'unknown'
    }
  }
}
---

--- 2026-08-19T16:24:56.024Z debug
[InspectorProxyWorker] RUNTIME INCOMING MESSAGE {
  method: 'Network.dataReceived',
  params: {
    requestId: '3',
    timestamp: 459.392,
    dataLength: 68,
    encodedDataLength: 68
  }
}
---

--- 2026-08-19T16:24:56.825Z debug
[InspectorProxyWorker] RUNTIME INCOMING MESSAGE {
  method: 'Network.requestWillBeSent',
  params: {
    requestId: '4',
    loaderId: '',
    request: {
      url: 'https://www.googleapis.com/oauth2/v4/token',
      method: 'POST',
      headers: [Object],
      mixedContentType: 'blockable',
      initialPriority: 'VeryLow',
      referrerPolicy: 'unsafe-url',
      isLinkPreload: false
    },
    timestamp: 460.193,
    wallTime: 1787156696.823,
    initiator: { type: 'script', stack: [Object], lineNumber: 0 },
    type: 'Fetch'
  }
}
---

--- 2026-08-19T16:24:56.839Z debug
[InspectorProxyWorker] RUNTIME INCOMING MESSAGE {
  method: 'Network.responseReceived',
  params: {
    requestId: '4',
    timestamp: 460.208,
    type: 'XHR',
    response: {
      status: 400,
      statusText: 'Bad Request',
      headers: [Object],
      mimeType: 'application/json',
      connectionReused: false,
      connectionId: 0,
      remotePort: 0,
      fromDiskCache: false,
      fromServiceWorker: false,
      encodedDataLength: 0,
      protocol: 'http/1.1',
      securityState: 'unknown'
    }
  }
}
---

--- 2026-08-19T16:24:56.840Z debug
[InspectorProxyWorker] RUNTIME INCOMING MESSAGE {
  method: 'Network.dataReceived',
  params: {
    requestId: '4',
    timestamp: 460.208,
    dataLength: 68,
    encodedDataLength: 68
  }
}
---

--- 2026-08-19T16:24:57.644Z debug
[InspectorProxyWorker] SEND TO RUNTIME {"method":"Runtime.getIsolateId","id":100000004}
---

--- 2026-08-19T16:24:57.645Z debug
[InspectorProxyWorker] RUNTIME INCOMING MESSAGE { id: 100000004, result: { id: '241dcea8ef8b3c10' } }
---

--- 2026-08-19T16:24:58.441Z debug
[InspectorProxyWorker] RUNTIME INCOMING MESSAGE {
  method: 'Network.requestWillBeSent',
  params: {
    requestId: '5',
    loaderId: '',
    request: {
      url: 'https://www.googleapis.com/oauth2/v4/token',
      method: 'POST',
      headers: [Object],
      mixedContentType: 'blockable',
      initialPriority: 'VeryLow',
      referrerPolicy: 'unsafe-url',
      isLinkPreload: false
    },
    timestamp: 461.809,
    wallTime: 1787156698.439,
    initiator: { type: 'script', stack: [Object], lineNumber: 0 },
    type: 'Fetch'
  }
}
---

--- 2026-08-19T16:24:58.475Z debug
[InspectorProxyWorker] RUNTIME INCOMING MESSAGE {
  method: 'Network.responseReceived',
  params: {
    requestId: '5',
    timestamp: 461.843,
    type: 'XHR',
    response: {
      status: 400,
      statusText: 'Bad Request',
      headers: [Object],
      mimeType: 'application/json',
      connectionReused: false,
      connectionId: 0,
      remotePort: 0,
      fromDiskCache: false,
      fromServiceWorker: false,
      encodedDataLength: 0,
      protocol: 'http/1.1',
      securityState: 'unknown'
    }
  }
}
---

--- 2026-08-19T16:24:58.476Z debug
[InspectorProxyWorker] RUNTIME INCOMING MESSAGE {
  method: 'Network.dataReceived',
  params: {
    requestId: '5',
    timestamp: 461.843,
    dataLength: 68,
    encodedDataLength: 68
  }
}
---

--- 2026-08-19T16:25:00.882Z debug
[InspectorProxyWorker] RUNTIME INCOMING MESSAGE {
  method: 'Network.loadingFinished',
  params: {
    requestId: '5',
    timestamp: 464.247,
    encodedDataLength: 68,
    cfResponse: {
      body: 'ewogICJlcnJvciI6ICJpbnZhbGlkX2dyYW50IiwKICAiZXJyb3JfZGVzY3JpcHRpb24iOiAiQmFkIFJlcXVlc3QiCn0=',
      base64Encoded: true
    }
  }
}
---

--- 2026-08-19T16:25:00.883Z debug
[InspectorProxyWorker] RUNTIME INCOMING MESSAGE {
  method: 'Network.loadingFinished',
  params: {
    requestId: '4',
    timestamp: 464.247,
    encodedDataLength: 68,
    cfResponse: {
      body: 'ewogICJlcnJvciI6ICJpbnZhbGlkX2dyYW50IiwKICAiZXJyb3JfZGVzY3JpcHRpb24iOiAiQmFkIFJlcXVlc3QiCn0=',
      base64Encoded: true
    }
  }
}
---

--- 2026-08-19T16:25:00.883Z debug
[InspectorProxyWorker] RUNTIME INCOMING MESSAGE {
  method: 'Network.loadingFinished',
  params: {
    requestId: '3',
    timestamp: 464.247,
    encodedDataLength: 68,
    cfResponse: {
      body: 'ewogICJlcnJvciI6ICJpbnZhbGlkX2dyYW50IiwKICAiZXJyb3JfZGVzY3JpcHRpb24iOiAiQmFkIFJlcXVlc3QiCn0=',
      base64Encoded: true
    }
  }
}
---

--- 2026-08-19T16:25:00.896Z debug
[InspectorProxyWorker] RUNTIME INCOMING MESSAGE {
  method: 'Network.requestWillBeSent',
  params: {
    requestId: '6',
    loaderId: '',
    request: {
      url: 'https://www.googleapis.com/oauth2/v4/token',
      method: 'POST',
      headers: [Object],
      mixedContentType: 'blockable',
      initialPriority: 'VeryLow',
      referrerPolicy: 'unsafe-url',
      isLinkPreload: false
    },
    timestamp: 464.264,
    wallTime: 1787156700.894,
    initiator: { type: 'script', stack: [Object], lineNumber: 0 },
    type: 'Fetch'
  }
}
---

--- 2026-08-19T16:25:00.914Z debug
[InspectorProxyWorker] RUNTIME INCOMING MESSAGE {
  method: 'Network.responseReceived',
  params: {
    requestId: '6',
    timestamp: 464.283,
    type: 'XHR',
    response: {
      status: 400,
      statusText: 'Bad Request',
      headers: [Object],
      mimeType: 'application/json',
      connectionReused: false,
      connectionId: 0,
      remotePort: 0,
      fromDiskCache: false,
      fromServiceWorker: false,
      encodedDataLength: 0,
      protocol: 'http/1.1',
      securityState: 'unknown'
    }
  }
}
---

--- 2026-08-19T16:25:00.915Z debug
[InspectorProxyWorker] RUNTIME INCOMING MESSAGE {
  method: 'Network.dataReceived',
  params: {
    requestId: '6',
    timestamp: 464.283,
    dataLength: 68,
    encodedDataLength: 68
  }
}
---

--- 2026-08-19T16:25:01.717Z debug
[InspectorProxyWorker] RUNTIME INCOMING MESSAGE {
  method: 'Network.requestWillBeSent',
  params: {
    requestId: '7',
    loaderId: '',
    request: {
      url: 'https://www.googleapis.com/oauth2/v4/token',
      method: 'POST',
      headers: [Object],
      mixedContentType: 'blockable',
      initialPriority: 'VeryLow',
      referrerPolicy: 'unsafe-url',
      isLinkPreload: false
    },
    timestamp: 465.085,
    wallTime: 1787156701.715,
    initiator: { type: 'script', stack: [Object], lineNumber: 0 },
    type: 'Fetch'
  }
}
---

--- 2026-08-19T16:25:01.754Z debug
[InspectorProxyWorker] RUNTIME INCOMING MESSAGE {
  method: 'Network.responseReceived',
  params: {
    requestId: '7',
    timestamp: 465.122,
    type: 'XHR',
    response: {
      status: 400,
      statusText: 'Bad Request',
      headers: [Object],
      mimeType: 'application/json',
      connectionReused: false,
      connectionId: 0,
      remotePort: 0,
      fromDiskCache: false,
      fromServiceWorker: false,
      encodedDataLength: 0,
      protocol: 'http/1.1',
      securityState: 'unknown'
    }
  }
}
---

--- 2026-08-19T16:25:01.754Z debug
[InspectorProxyWorker] RUNTIME INCOMING MESSAGE {
  method: 'Network.dataReceived',
  params: {
    requestId: '7',
    timestamp: 465.122,
    dataLength: 68,
    encodedDataLength: 68
  }
}
---

--- 2026-08-19T16:25:03.359Z debug
[InspectorProxyWorker] RUNTIME INCOMING MESSAGE {
  method: 'Network.requestWillBeSent',
  params: {
    requestId: '8',
    loaderId: '',
    request: {
      url: 'https://www.googleapis.com/oauth2/v4/token',
      method: 'POST',
      headers: [Object],
      mixedContentType: 'blockable',
      initialPriority: 'VeryLow',
      referrerPolicy: 'unsafe-url',
      isLinkPreload: false
    },
    timestamp: 466.725,
    wallTime: 1787156703.355,
    initiator: { type: 'script', stack: [Object], lineNumber: 0 },
    type: 'Fetch'
  }
}
---

--- 2026-08-19T16:25:03.384Z debug
[InspectorProxyWorker] RUNTIME INCOMING MESSAGE {
  method: 'Network.responseReceived',
  params: {
    requestId: '8',
    timestamp: 466.752,
    type: 'XHR',
    response: {
      status: 400,
      statusText: 'Bad Request',
      headers: [Object],
      mimeType: 'application/json',
      connectionReused: false,
      connectionId: 0,
      remotePort: 0,
      fromDiskCache: false,
      fromServiceWorker: false,
      encodedDataLength: 0,
      protocol: 'http/1.1',
      securityState: 'unknown'
    }
  }
}
---

--- 2026-08-19T16:25:03.385Z debug
[InspectorProxyWorker] RUNTIME INCOMING MESSAGE {
  method: 'Network.dataReceived',
  params: {
    requestId: '8',
    timestamp: 466.753,
    dataLength: 68,
    encodedDataLength: 68
  }
}
---

--- 2026-08-19T16:25:05.804Z debug
[InspectorProxyWorker] RUNTIME INCOMING MESSAGE {
  method: 'Network.loadingFinished',
  params: {
    requestId: '8',
    timestamp: 469.156,
    encodedDataLength: 68,
    cfResponse: {
      body: 'ewogICJlcnJvciI6ICJpbnZhbGlkX2dyYW50IiwKICAiZXJyb3JfZGVzY3JpcHRpb24iOiAiQmFkIFJlcXVlc3QiCn0=',
      base64Encoded: true
    }
  }
}
---

--- 2026-08-19T16:25:05.805Z debug
[InspectorProxyWorker] RUNTIME INCOMING MESSAGE {
  method: 'Network.loadingFinished',
  params: {
    requestId: '7',
    timestamp: 469.156,
    encodedDataLength: 68,
    cfResponse: {
      body: 'ewogICJlcnJvciI6ICJpbnZhbGlkX2dyYW50IiwKICAiZXJyb3JfZGVzY3JpcHRpb24iOiAiQmFkIFJlcXVlc3QiCn0=',
      base64Encoded: true
    }
  }
}
---

--- 2026-08-19T16:25:05.806Z debug
[InspectorProxyWorker] RUNTIME INCOMING MESSAGE {
  method: 'Network.loadingFinished',
  params: {
    requestId: '6',
    timestamp: 469.156,
    encodedDataLength: 68,
    cfResponse: {
      body: 'ewogICJlcnJvciI6ICJpbnZhbGlkX2dyYW50IiwKICAiZXJyb3JfZGVzY3JpcHRpb24iOiAiQmFkIFJlcXVlc3QiCn0=',
      base64Encoded: true
    }
  }
}
---

--- 2026-08-19T16:25:07.647Z debug
[InspectorProxyWorker] SEND TO RUNTIME {"method":"Runtime.getIsolateId","id":100000005}
---

--- 2026-08-19T16:25:07.647Z debug
[InspectorProxyWorker] RUNTIME INCOMING MESSAGE { id: 100000005, result: { id: '241dcea8ef8b3c10' } }
---

--- 2026-08-19T16:25:17.653Z debug
[InspectorProxyWorker] SEND TO RUNTIME {"method":"Runtime.getIsolateId","id":100000006}
---

--- 2026-08-19T16:25:17.653Z debug
[InspectorProxyWorker] RUNTIME INCOMING MESSAGE { id: 100000006, result: { id: '241dcea8ef8b3c10' } }
---

--- 2026-08-19T16:25:27.659Z debug
[InspectorProxyWorker] SEND TO RUNTIME {"method":"Runtime.getIsolateId","id":100000007}
---

--- 2026-08-19T16:25:27.660Z debug
[InspectorProxyWorker] RUNTIME INCOMING MESSAGE { id: 100000007, result: { id: '241dcea8ef8b3c10' } }
---

--- 2026-08-19T16:25:37.664Z debug
[InspectorProxyWorker] SEND TO RUNTIME {"method":"Runtime.getIsolateId","id":100000008}
---

--- 2026-08-19T16:25:37.665Z debug
[InspectorProxyWorker] RUNTIME INCOMING MESSAGE { id: 100000008, result: { id: '241dcea8ef8b3c10' } }
---
